Authenticate with Infracost

USAGE
  infracost auth [flags]
  infracost auth [command]

EXAMPLES
  Login:

      infracost auth login

AVAILABLE COMMANDS
  login       Authenticate with Infracost

FLAGS
  -h, --help   help for auth

GLOBAL FLAGS
      --log-level string   Log level (trace, debug, info, warn, error, fatal)
      --no-color           Turn off colored output

Use "infracost auth [command] --help" for more information about a command.
